Main Memory Contents:

0		: 80
1		: 70
2		: 40
3		: 20
